[html.themexriver.com/Haptic-Html/index-5.1.html]
[backblue.gif]
[fade.gif]
[index.html]
[html.themexriver.com/Haptic-Html/assets/img/logo/f-icon.png]
[html.themexriver.com/Haptic-Html/assets/css/fontawesome.css]
[html.themexriver.com/Haptic-Html/assets/css/flaticon_aina.css]
[html.themexriver.com/Haptic-Html/assets/css/bootstrap.min.css]
[html.themexriver.com/Haptic-Html/assets/css/animate.css]
[html.themexriver.com/Haptic-Html/assets/css/swiper.min.css]
[html.themexriver.com/Haptic-Html/assets/css/magnific-popup.css]
[html.themexriver.com/Haptic-Html/assets/img/logo/logo1.png]
[html.themexriver.com/Haptic-Html/!]
[html.themexriver.com/Haptic-Html/assets/img/logo/logo2.png]
[html.themexriver.com/Haptic-Html/assets/img/bg/texture.png]
[html.themexriver.com/Haptic-Html/about.html]
[html.themexriver.com/Haptic-Html/service.html]
[html.themexriver.com/Haptic-Html/testimonila.html]
[html.themexriver.com/Haptic-Html/team.html]
[html.themexriver.com/Haptic-Html/portfolio.html]
[html.themexriver.com/Haptic-Html/blog.html]
[html.themexriver.com/Haptic-Html/contact.html]
[html.themexriver.com/Haptic-Html/assets/img/shop/s_img1.jpg]
[html.themexriver.com/Haptic-Html/assets/img/shop/s_img2.jpg]
[html.themexriver.com/Haptic-Html/assets/img/shop/s_img3.jpg]
[html.themexriver.com/Haptic-Html/assets/css/style.css]
[html.themexriver.com/Haptic-Html/assets/img/shop/s_img4.jpg]
[html.themexriver.com/Haptic-Html/assets/img/home_5/banner/banner-bg.jpg]
[html.themexriver.com/Haptic-Html/assets/img/home_5/banner/bs4.png]
[html.themexriver.com/Haptic-Html/assets/img/home_5/banner/bn-img2.jpg]
[html.themexriver.com/Haptic-Html/assets/img/home_5/banner/bs1.png]
[html.themexriver.com/Haptic-Html/assets/img/home_5/banner/bs2.png]
[html.themexriver.com/Haptic-Html/assets/img/home_5/banner/bs3.png]
[html.themexriver.com/Haptic-Html/assets/img/home_5/banner/bn-img1.jpg]
[html.themexriver.com/Haptic-Html/assets/img/home_5/sponsor/sp1.png]
[html.themexriver.com/Haptic-Html/assets/img/home_5/sponsor/sp2.png]
[html.themexriver.com/Haptic-Html/assets/img/home_5/sponsor/sp5.png]
[html.themexriver.com/Haptic-Html/assets/img/home_5/sponsor/sp4.png]
[html.themexriver.com/Haptic-Html/assets/img/home_5/sponsor/sp9.png]
[html.themexriver.com/Haptic-Html/assets/img/home_5/sponsor/sp6.png]
[html.themexriver.com/Haptic-Html/assets/img/home_5/sponsor/sp7.png]
[html.themexriver.com/Haptic-Html/assets/img/home_5/sponsor/sp8.png]
[html.themexriver.com/Haptic-Html/assets/img/home_5/sponsor/sp3.png]
[html.themexriver.com/Haptic-Html/assets/img/home_5/sponsor/sp10.png]
[html.themexriver.com/Haptic-Html/assets/img/home_5/shape/sh1.png]
[html.themexriver.com/Haptic-Html/assets/img/home_5/shape/sh2.png]
[html.themexriver.com/Haptic-Html/assets/img/home_5/about/ab1.png]
[html.themexriver.com/Haptic-Html/assets/img/home_5/icon/ic1.png]
[html.themexriver.com/Haptic-Html/assets/img/home_5/icon/ic2.png]
[html.themexriver.com/Haptic-Html/assets/img/home_5/icon/ic3.png]
[html.themexriver.com/Haptic-Html/assets/img/home_5/icon/ic4.png]
[html.themexriver.com/Haptic-Html/assets/img/home_5/bg/service-bg.jpg]
[html.themexriver.com/Haptic-Html/portfolio-single.html]
[html.themexriver.com/Haptic-Html/assets/img/home_5/about/faq2.jpg]
[html.themexriver.com/Haptic-Html/assets/img/home_5/about/sr1.png]
[html.themexriver.com/Haptic-Html/assets/img/home_5/bg/scroll-bg.png]
[html.themexriver.com/Haptic-Html/assets/img/home_5/about/price1.png]
[html.themexriver.com/Haptic-Html/assets/img/home_5/bg/price-bg.png]
[html.themexriver.com/Haptic-Html/assets/img/home_5/bg/skill-bg.jpg]
[html.themexriver.com/Haptic-Html/assets/img/home_5/icon/ic5.png]
[html.themexriver.com/Haptic-Html/assets/img/home_5/icon/arrow.png]
[html.themexriver.com/Haptic-Html/assets/img/home_5/icon/ic6.png]
[html.themexriver.com/Haptic-Html/assets/img/home_5/icon/ic7.png]
[html.themexriver.com/Haptic-Html/assets/img/home_5/about/sk1.jpg]
[html.themexriver.com/Haptic-Html/assets/img/home_5/about/faq1.jpg]
[html.themexriver.com/Haptic-Html/assets/img/home_5/project/pro1.jpg]
[html.themexriver.com/Haptic-Html/assets/img/home_5/project/pro2.jpg]
[html.themexriver.com/Haptic-Html/assets/img/home_5/project/pro3.jpg]
[html.themexriver.com/Haptic-Html/assets/img/home_5/project/pro4.jpg]
[html.themexriver.com/Haptic-Html/assets/img/home_5/project/pro5.jpg]
[html.themexriver.com/Haptic-Html/assets/img/home_5/bg/team-bg.jpg]
[html.themexriver.com/Haptic-Html/assets/img/home_5/team/tm1.png]
[html.themexriver.com/Haptic-Html/team-single.html]
[html.themexriver.com/Haptic-Html/assets/img/home_5/team/tm2.png]
[html.themexriver.com/Haptic-Html/assets/img/home_5/team/tm3.png]
[html.themexriver.com/Haptic-Html/assets/img/home_5/bg/test-bg.png]
[html.themexriver.com/Haptic-Html/assets/img/home_5/about/tst1.png]
[html.themexriver.com/Haptic-Html/assets/img/home_5/blog/blg1.png]
[html.themexriver.com/Haptic-Html/blog-single.html]
[html.themexriver.com/Haptic-Html/assets/img/home_5/blog/blg2.png]
[html.themexriver.com/Haptic-Html/assets/img/home_5/blog/blg3.png]
[html.themexriver.com/Haptic-Html/assets/img/home_5/bg/contact-bg.jpg]
[html.themexriver.com/Haptic-Html/assets/img/home_5/icon/tc1.png]
[html.themexriver.com/Haptic-Html/assets/img/home_5/icon/tc2.png]
[html.themexriver.com/Haptic-Html/assets/img/home_5/icon/tc3.png]
[html.themexriver.com/Haptic-Html/assets/img/home_5/icon/tc4.png]
[html.themexriver.com/Haptic-Html/assets/img/home_5/icon/tc5.png]
[html.themexriver.com/Haptic-Html/assets/img/home_5/icon/tc6.png]
[html.themexriver.com/Haptic-Html/assets/img/home_5/instagram/ins1.jpg]
[html.themexriver.com/Haptic-Html/assets/img/home_5/instagram/ins2.jpg]
[html.themexriver.com/Haptic-Html/assets/img/home_5/instagram/ins3.jpg]
[html.themexriver.com/Haptic-Html/assets/img/home_5/instagram/ins4.jpg]
[html.themexriver.com/Haptic-Html/assets/img/home_5/instagram/ins5.jpg]
[html.themexriver.com/Haptic-Html/assets/img/home_5/instagram/ins6.jpg]
[html.themexriver.com/Haptic-Html/assets/img/home_5/instagram/ins7.jpg]
[html.themexriver.com/Haptic-Html/assets/img/home_5/instagram/ins8.jpg]
[html.themexriver.com/Haptic-Html/assets/img/home_5/bg/footer-bg.jpg]
[html.themexriver.com/Haptic-Html/assets/img/home_5/icon/ic8.png]
[html.themexriver.com/Haptic-Html/assets/img/home_5/icon/ic9.png]
[html.themexriver.com/Haptic-Html/assets/img/home_5/icon/ic10.png]
[html.themexriver.com/Haptic-Html/assets/img/home_5/icon/ic11.png]
[html.themexriver.com/Haptic-Html/assets/js/jquery-3.6.0.min.js]
[html.themexriver.com/Haptic-Html/assets/js/bootstrap.bundle.min.js]
[html.themexriver.com/Haptic-Html/assets/js/swiper-bundle.min.js]
[html.themexriver.com/Haptic-Html/assets/js/appear.js]
[html.themexriver.com/Haptic-Html/assets/js/counter.js]
[html.themexriver.com/Haptic-Html/assets/js/gsap.min.js]
[html.themexriver.com/Haptic-Html/assets/js/knob.js]
[html.themexriver.com/Haptic-Html/assets/js/jquery.magnific-popup.min.js]
[html.themexriver.com/Haptic-Html/assets/js/jquery.counterup.min.js]
[html.themexriver.com/Haptic-Html/assets/js/waypoints.min.js]
[html.themexriver.com/Haptic-Html/assets/js/parallax.min.js]
[html.themexriver.com/Haptic-Html/assets/js/ScrollTrigger.min.js]
[html.themexriver.com/Haptic-Html/assets/js/ScrollToPlugin.min.js]
[html.themexriver.com/Haptic-Html/assets/js/ScrollSmoother.min.js]
[html.themexriver.com/Haptic-Html/assets/js/SplitText.min.js]
[html.themexriver.com/Haptic-Html/assets/js/jquery.filterizr.js]
[html.themexriver.com/Haptic-Html/assets/js/imagesloaded.pkgd.min.js]
[html.themexriver.com/Haptic-Html/assets/js/hover-revel.js]
[html.themexriver.com/Haptic-Html/assets/js/parallax-scroll.js]
[html.themexriver.com/Haptic-Html/assets/js/jquery.marquee.min.js]
[html.themexriver.com/Haptic-Html/assets/js/wow.min.js]
[html.themexriver.com/Haptic-Html/assets/js/tilt.jquery.min.js]
[html.themexriver.com/Haptic-Html/assets/js/matter.min.js]
[html.themexriver.com/Haptic-Html/index-5.1.html]
[html.themexriver.com/Haptic-Html/assets/js/script.js]
[html.themexriver.com/Haptic-Html/assets/css/bootstrap.min.css]
[html.themexriver.com/Haptic-Html/assets/fonts/fa-brands-400.ttf]
[html.themexriver.com/Haptic-Html/assets/fonts/fa-light-300.ttf]
[html.themexriver.com/Haptic-Html/assets/css/fontawesome.css]
[html.themexriver.com/Haptic-Html/assets/fonts/fa-regular-400.ttf]
[html.themexriver.com/Haptic-Html/assets/fonts/fa-solid-900.ttf]
[html.themexriver.com/Haptic-Html/assets/fonts/flaticon_ainaf07d.woff]
[html.themexriver.com/Haptic-Html/assets/fonts/flaticon_ainaf07d.ttf]
[html.themexriver.com/Haptic-Html/assets/fonts/flaticon_ainaf07d.woff2]
[html.themexriver.com/Haptic-Html/assets/fonts/flaticon_ainaf07d.eot]
[html.themexriver.com/Haptic-Html/assets/css/flaticon_aina.css]
[html.themexriver.com/Haptic-Html/assets/css/animate.css]
[html.themexriver.com/Haptic-Html/assets/css/global.css]
[html.themexriver.com/Haptic-Html/assets/css/swiper.min.css]
[html.themexriver.com/Haptic-Html/assets/css/magnific-popup.css]
[html.themexriver.com/Haptic-Html/assets/css/style.css]
[html.themexriver.com/Haptic-Html/!.html]
[html.themexriver.com/Haptic-Html/assets/img/bg/texture.html]
[html.themexriver.com/Haptic-Html/assets/fonts/flaticon_ainaf07d.svg]
[html.themexriver.com/Haptic-Html/assets/img/pages/home5.jpg]
[html.themexriver.com/Haptic-Html/index-5.html]
[html.themexriver.com/Haptic-Html/assets/img/pages/home1.jpg]
[html.themexriver.com/Haptic-Html/index-1.html]
[html.themexriver.com/Haptic-Html/index-1.1.html]
[html.themexriver.com/Haptic-Html/assets/img/pages/home2.jpg]
[html.themexriver.com/Haptic-Html/index-2.html]
[html.themexriver.com/Haptic-Html/index-2.1.html]
[html.themexriver.com/Haptic-Html/assets/img/pages/home3.jpg]
[html.themexriver.com/Haptic-Html/index-3.html]
[html.themexriver.com/Haptic-Html/index-3.1.html]
[html.themexriver.com/Haptic-Html/assets/img/pages/home4.jpg]
[html.themexriver.com/Haptic-Html/index-4.html]
[html.themexriver.com/Haptic-Html/index-4.1.html]
[html.themexriver.com/Haptic-Html/assets/img/pages/home6.jpg]
[html.themexriver.com/Haptic-Html/index-6.html]
[html.themexriver.com/Haptic-Html/index-6.1.html]
[html.themexriver.com/Haptic-Html/assets/img/pages/home7.jpg]
[html.themexriver.com/Haptic-Html/index-7.html]
[html.themexriver.com/Haptic-Html/index-7.1.html]
[html.themexriver.com/Haptic-Html/blog-1.html]
[html.themexriver.com/Haptic-Html/blog-2.html]
[html.themexriver.com/Haptic-Html/blog-3.html]
[html.themexriver.com/Haptic-Html/service-single.html]
[html.themexriver.com/Haptic-Html/pricing.html]
[html.themexriver.com/Haptic-Html/career.html]
[html.themexriver.com/Haptic-Html/career-single.html]
[html.themexriver.com/Haptic-Html/job-apply.html]
[html.themexriver.com/Haptic-Html/testimonial.html]
[html.themexriver.com/Haptic-Html/faq.html]
[html.themexriver.com/Haptic-Html/terms-condition.html]
[html.themexriver.com/Haptic-Html/privacy-policy.html]
[html.themexriver.com/Haptic-Html/coming-soon.html]
[html.themexriver.com/Haptic-Html/404.html]
[html.themexriver.com/Haptic-Html/assets/img/bg/bread-bg.jpg]
[html.themexriver.com/Haptic-Html/assets/img/bg/about-bg.png]
[html.themexriver.com/Haptic-Html/assets/img/about/ab1.jpg]
[html.themexriver.com/Haptic-Html/assets/img/about/ab2.jpg]
[html.themexriver.com/Haptic-Html/assets/img/about/fn1.jpg]
[html.themexriver.com/Haptic-Html/assets/img/about/fn2.jpg]
[html.themexriver.com/Haptic-Html/assets/img/portfolio/pro1.jpg]
[html.themexriver.com/Haptic-Html/assets/img/portfolio/test-1.jpg]
[html.themexriver.com/Haptic-Html/assets/img/portfolio/test-2.jpg]
[html.themexriver.com/Haptic-Html/assets/img/portfolio/test-5.jpg]
[html.themexriver.com/Haptic-Html/assets/img/portfolio/pro2.jpg]
[html.themexriver.com/Haptic-Html/assets/img/portfolio/pro3.jpg]
[html.themexriver.com/Haptic-Html/assets/img/portfolio/pro4.jpg]
[html.themexriver.com/Haptic-Html/assets/img/sponsor/1.png]
[html.themexriver.com/Haptic-Html/assets/img/sponsor/2.png]
[html.themexriver.com/Haptic-Html/assets/img/sponsor/3.png]
[html.themexriver.com/Haptic-Html/assets/img/sponsor/4.png]
[html.themexriver.com/Haptic-Html/assets/img/sponsor/5.png]
[html.themexriver.com/Haptic-Html/assets/img/icon/star2.png]
[html.themexriver.com/Haptic-Html/assets/img/bg/footer-bg.jpg]
[html.themexriver.com/Haptic-Html/assets/img/bg/cta-bg.jpg]
[html.themexriver.com/Haptic-Html/assets/js/split-type.min.js]
[html.themexriver.com/Haptic-Html/about.html]
[html.themexriver.com/Haptic-Html/assets/js/jquery.meanmenu.min.js]
[html.themexriver.com/Haptic-Html/assets/img/service/ser1.jpg]
[html.themexriver.com/Haptic-Html/assets/img/service/ser2.jpg]
[html.themexriver.com/Haptic-Html/assets/img/service/ser3.jpg]
[html.themexriver.com/Haptic-Html/assets/img/service/ser4.jpg]
[html.themexriver.com/Haptic-Html/assets/img/service/ser5.jpg]
[html.themexriver.com/Haptic-Html/assets/img/service/ser6.jpg]
[html.themexriver.com/Haptic-Html/assets/img/testimonial/testi-1.jpg]
[html.themexriver.com/Haptic-Html/assets/img/testimonial/testi-2.jpg]
[html.themexriver.com/Haptic-Html/assets/img/testimonial/testi-3.jpg]
[html.themexriver.com/Haptic-Html/service.html]
[html.themexriver.com/Haptic-Html/testimonila.html]
[html.themexriver.com/Haptic-Html/team.html]
[html.themexriver.com/Haptic-Html/assets/img/portfolio/pf1.jpg]
[html.themexriver.com/Haptic-Html/assets/img/portfolio/pf2.jpg]
[html.themexriver.com/Haptic-Html/assets/img/portfolio/pf5.jpg]
[html.themexriver.com/Haptic-Html/assets/img/portfolio/port3.4.jpg]
[html.themexriver.com/Haptic-Html/assets/img/portfolio/port3.5.jpg]
[html.themexriver.com/Haptic-Html/portfolio.html]
[html.themexriver.com/Haptic-Html/blog.html]
[html.themexriver.com/Haptic-Html/assets/img/bg/ci-bg1.png]
[html.themexriver.com/Haptic-Html/assets/img/icon/ci2.png]
[html.themexriver.com/Haptic-Html/assets/img/icon/ci1.png]
[html.themexriver.com/Haptic-Html/assets/img/icon/ci3.png]
[html.themexriver.com/Haptic-Html/contact.html]
[html.themexriver.com/Haptic-Html/assets/img/portfolio/prd.png]
[html.themexriver.com/Haptic-Html/assets/img/blog/blg1.jpg]
[html.themexriver.com/Haptic-Html/portfolio-single.html]
[html.themexriver.com/Haptic-Html/assets/img/bg/tmd-bg.d1.delayed]
[html.themexriver.com/Haptic-Html/assets/img/team/tmd.png]
[html.themexriver.com/Haptic-Html/team-single.html]
[html.themexriver.com/Haptic-Html/assets/img/blog/bfd10.png]
[html.themexriver.com/Haptic-Html/assets/img/blog/bq1.png]
[html.themexriver.com/Haptic-Html/assets/img/testimonial/test3.jpg]
[html.themexriver.com/Haptic-Html/assets/img/testimonial/test-1.jpg]
[html.themexriver.com/Haptic-Html/assets/img/testimonial/test-3.jpg]
[html.themexriver.com/Haptic-Html/assets/img/testimonial/test-2.jpg]
[html.themexriver.com/Haptic-Html/assets/img/blog/rc1.png]
[html.themexriver.com/Haptic-Html/assets/img/blog/rc2.png]
[html.themexriver.com/Haptic-Html/assets/img/blog/rc3.png]
[html.themexriver.com/Haptic-Html/assets/img/blog/rc4.png]
[html.themexriver.com/Haptic-Html/assets/img/bg/ad-bg.png]
[html.themexriver.com/Haptic-Html/blog-single.html]
[html.themexriver.com/Haptic-Html/assets/js/jquery-3.6.0.min.js]
[html.themexriver.com/Haptic-Html/assets/js/bootstrap.bundle.min.js]
[html.themexriver.com/Haptic-Html/e]
[html.themexriver.com/Haptic-Html/a.params.url]
[html.themexriver.com/Haptic-Html/assets/js/swiper-bundle.min.js]
[html.themexriver.com/Haptic-Html/assets/js/appear.js]
[html.themexriver.com/Haptic-Html/assets/js/counter.js]
[html.themexriver.com/Haptic-Html/assets/js/gsap.min.js]
[html.themexriver.com/Haptic-Html/assets/js/knob.js]
[html.themexriver.com/Haptic-Html/assets/js/jquery.magnific-popup.min.js]
[html.themexriver.com/Haptic-Html/assets/js/jquery.counterup.min.js]
[html.themexriver.com/Haptic-Html/assets/js/waypoints.min.js]
[html.themexriver.com/Haptic-Html/assets/js/parallax.min.js]
[html.themexriver.com/Haptic-Html/assets/js/ScrollTrigger.min.js]
[html.themexriver.com/Haptic-Html/assets/js/ScrollToPlugin.min.js]
[html.themexriver.com/Haptic-Html/assets/js/ScrollSmoother.min.js]
[html.themexriver.com/Haptic-Html/assets/js/SplitText.min.js]
[html.themexriver.com/Haptic-Html/assets/js/jquery.filterizr.js]
[html.themexriver.com/Haptic-Html/assets/js/imagesloaded.pkgd.min.js]
[html.themexriver.com/Haptic-Html/assets/js/hover-revel.js]
[html.themexriver.com/Haptic-Html/assets/js/parallax-scroll.js]
[html.themexriver.com/Haptic-Html/assets/js/jquery.marquee.min.js]
[html.themexriver.com/Haptic-Html/assets/js/wow.min.js]
[html.themexriver.com/Haptic-Html/assets/js/tilt.jquery.min.js]
[html.themexriver.com/Haptic-Html/assets/js/matter.min.js]
[html.themexriver.com/Haptic-Html/assets/js/script.js]
[html.themexriver.com/Haptic-Html/assets/fonts/flaticon_ainaf07d.svg]
[html.themexriver.com/Haptic-Html/index-5.html]
[html.themexriver.com/Haptic-Html/assets/img/bg/top-bg.jpg]
[html.themexriver.com/Haptic-Html/assets/img/slider/slide1.png]
[html.themexriver.com/Haptic-Html/assets/img/slider/slide_img_2.png]
[html.themexriver.com/Haptic-Html/assets/img/slider/slide_text_5.png]
[html.themexriver.com/Haptic-Html/assets/img/slider/slide_arrow_3.png]
[html.themexriver.com/Haptic-Html/assets/img/slider/slide_shape_4.png]
[html.themexriver.com/Haptic-Html/assets/img/logo/play1.png]
[html.themexriver.com/Haptic-Html/assets/img/logo/sk1.png]
[html.themexriver.com/Haptic-Html/assets/img/logo/sk2.png]
[html.themexriver.com/Haptic-Html/assets/img/logo/sk3.png]
[html.themexriver.com/Haptic-Html/assets/img/logo/sk4.png]
[html.themexriver.com/Haptic-Html/assets/img/logo/sk5.png]
[html.themexriver.com/Haptic-Html/assets/img/icon/ic1.png]
[html.themexriver.com/Haptic-Html/assets/img/icon/ic2.png]
[html.themexriver.com/Haptic-Html/assets/img/icon/ic3.png]
[html.themexriver.com/Haptic-Html/assets/img/bg/story-bg.jpg]
[html.themexriver.com/Haptic-Html/assets/img/bg/faq-bg.jpg]
[html.themexriver.com/Haptic-Html/index-1.html]
[html.themexriver.com/Haptic-Html/index-1.1.html]
[html.themexriver.com/Haptic-Html/assets/img/slider/banner_2.png]
[html.themexriver.com/Haptic-Html/assets/img/slider/bn1.png]
[html.themexriver.com/Haptic-Html/assets/img/slider/bn2.png]
[html.themexriver.com/Haptic-Html/assets/img/slider/bn3.png]
[html.themexriver.com/Haptic-Html/assets/img/slider/bn4.png]
[html.themexriver.com/Haptic-Html/assets/img/slider/bn5.png]
[html.themexriver.com/Haptic-Html/assets/img/bg/shape_1.png]
[html.themexriver.com/Haptic-Html/assets/img/bg/shape_2.png]
[html.themexriver.com/Haptic-Html/assets/img/about/ab3.jpg]
[html.themexriver.com/Haptic-Html/assets/img/about/ab4.jpg]
[html.themexriver.com/Haptic-Html/assets/img/bg/service-bg.jpg]
[html.themexriver.com/Haptic-Html/assets/img/service/sn1.png]
[html.themexriver.com/Haptic-Html/assets/img/service/sn2.png]
[html.themexriver.com/Haptic-Html/assets/img/service/sn3.png]
[html.themexriver.com/Haptic-Html/assets/img/service/sn4.png]
[html.themexriver.com/Haptic-Html/assets/img/service/sn5.png]
[html.themexriver.com/Haptic-Html/assets/img/service/sn6.png]
[html.themexriver.com/Haptic-Html/assets/img/service/sn7.png]
[html.themexriver.com/Haptic-Html/assets/img/about/se1.png]
[html.themexriver.com/Haptic-Html/assets/img/about/se2.png]
[html.themexriver.com/Haptic-Html/assets/img/about/se3.jpg]
[html.themexriver.com/Haptic-Html/assets/img/about/se4.png]
[html.themexriver.com/Haptic-Html/assets/img/bg/shape_4.png]
[html.themexriver.com/Haptic-Html/assets/img/bg/shape_5.png]
[html.themexriver.com/Haptic-Html/assets/img/portfolio/port1.jpg]
[html.themexriver.com/Haptic-Html/portfolio]
[html.themexriver.com/Haptic-Html/assets/img/portfolio/port3.jpg]
[html.themexriver.com/Haptic-Html/assets/img/portfolio/port4.jpg]
[html.themexriver.com/Haptic-Html/assets/img/portfolio/port2.jpg]
[html.themexriver.com/Haptic-Html/assets/img/bg/consult-bg.jpg]
[html.themexriver.com/Haptic-Html/assets/img/bg/cta-form-bg.jpg]
[html.themexriver.com/Haptic-Html/assets/img/bg/shape_6.png]
[html.themexriver.com/Haptic-Html/assets/img/bg/price-bg.jpg]
[html.themexriver.com/Haptic-Html/assets/img/bg/video-bg.jpg]
[html.themexriver.com/Haptic-Html/assets/img/logo/play-logo.png]
[html.themexriver.com/Haptic-Html/assets/img/bg/shape_7.png]
[html.themexriver.com/Haptic-Html/assets/img/icon/tm-shape1.png]
[html.themexriver.com/Haptic-Html/assets/img/icon/tm-shape2.png]
[html.themexriver.com/Haptic-Html/assets/img/team/tm2.1.jpg]
[html.themexriver.com/Haptic-Html/assets/img/team/tm2.2.jpg]
[html.themexriver.com/Haptic-Html/assets/img/team/tm2.3.jpg]
[html.themexriver.com/Haptic-Html/assets/img/bg/test-bg.jpg]
[html.themexriver.com/Haptic-Html/assets/img/testimonial/test1.jpg]
[html.themexriver.com/Haptic-Html/assets/img/icon/qt.png]
[html.themexriver.com/Haptic-Html/assets/img/testimonial/test2.jpg]
[html.themexriver.com/Haptic-Html/assets/img/bg/shape_8.png]
[html.themexriver.com/Haptic-Html/assets/img/blog/blg2_1.jpg]
[html.themexriver.com/Haptic-Html/assets/img/blog/blg2_2.jpg]
[html.themexriver.com/Haptic-Html/assets/img/blog/blg2_3.jpg]
[html.themexriver.com/Haptic-Html/assets/img/blog/blg2_4.jpg]
[html.themexriver.com/Haptic-Html/assets/img/blog/blg2_5.jpg]
[html.themexriver.com/Haptic-Html/assets/img/blog/blg2_6.jpg]
[html.themexriver.com/Haptic-Html/assets/img/logo/sp-logo.png]
[html.themexriver.com/Haptic-Html/index-2.html]
[html.themexriver.com/Haptic-Html/index-2.1.html]
[html.themexriver.com/Haptic-Html/assets/img/bg/header-bg.png]
[html.themexriver.com/Haptic-Html/assets/img/logo/logo3.png]
[html.themexriver.com/Haptic-Html/assets/img/bg/slider-bg.png]
[html.themexriver.com/Haptic-Html/assets/img/icon/shape_1.png]
[html.themexriver.com/Haptic-Html/assets/img/icon/shape_2.png]
[html.themexriver.com/Haptic-Html/assets/img/icon/shape_3.png]
[html.themexriver.com/Haptic-Html/assets/img/icon/shape_4.png]
[html.themexriver.com/Haptic-Html/assets/img/icon/shape_5.png]
[html.themexriver.com/Haptic-Html/assets/img/slider/slide_vector_1.png]
[html.themexriver.com/Haptic-Html/assets/img/slider/slide_3.png]
[html.themexriver.com/Haptic-Html/assets/img/slider/slide_4.png]
[html.themexriver.com/Haptic-Html/assets/img/bg/arrow-bg.jpg]
[html.themexriver.com/Haptic-Html/assets/img/icon/is1.png]
[html.themexriver.com/Haptic-Html/assets/img/icon/is2.png]
[html.themexriver.com/Haptic-Html/assets/img/icon/is3.png]
[html.themexriver.com/Haptic-Html/assets/img/icon/is4.png]
[html.themexriver.com/Haptic-Html/assets/img/about/of1.png]
[html.themexriver.com/Haptic-Html/assets/img/about/of2.png]
[html.themexriver.com/Haptic-Html/assets/img/about/of3.png]
[html.themexriver.com/Haptic-Html/assets/img/about/of4.png]
[html.themexriver.com/Haptic-Html/assets/img/icon/is5.png]
[html.themexriver.com/Haptic-Html/assets/img/icon/is6.png]
[html.themexriver.com/Haptic-Html/assets/img/icon/is7.png]
[html.themexriver.com/Haptic-Html/assets/img/about/ab5.jpg]
[html.themexriver.com/Haptic-Html/assets/img/bg/exp-bg.png]
[html.themexriver.com/Haptic-Html/assets/img/about/ab6.jpg]
[html.themexriver.com/Haptic-Html/assets/img/icon/is8.png]
[html.themexriver.com/Haptic-Html/assets/img/icon/is9.png]
[html.themexriver.com/Haptic-Html/assets/img/team/tm3.1.jpg]
[html.themexriver.com/Haptic-Html/assets/img/team/tm3.2.jpg]
[html.themexriver.com/Haptic-Html/assets/img/team/tm3.3.jpg]
[html.themexriver.com/Haptic-Html/assets/img/team/tm3.4.jpg]
[html.themexriver.com/Haptic-Html/assets/img/bg/price-bg.png]
[html.themexriver.com/Haptic-Html/assets/img/icon/is10.png]
[html.themexriver.com/Haptic-Html/assets/img/icon/is11.png]
[html.themexriver.com/Haptic-Html/assets/img/icon/is12.png]
[html.themexriver.com/Haptic-Html/assets/img/bg/price-bg.svg]
[html.themexriver.com/Haptic-Html/assets/img/icon/is13.png]
[html.themexriver.com/Haptic-Html/assets/img/icon/qt2.png]
[html.themexriver.com/Haptic-Html/assets/img/portfolio/port3.1.jpg]
[html.themexriver.com/Haptic-Html/assets/img/portfolio/port3.2.jpg]
[html.themexriver.com/Haptic-Html/assets/img/portfolio/port3.3.jpg]
[html.themexriver.com/Haptic-Html/assets/img/portfolio/port3.6.jpg]
[html.themexriver.com/Haptic-Html/assets/img/bg/sponsor-bg.png]
[html.themexriver.com/Haptic-Html/assets/img/sponsor/7.png]
[html.themexriver.com/Haptic-Html/assets/img/sponsor/8.png]
[html.themexriver.com/Haptic-Html/assets/img/sponsor/9.png]
[html.themexriver.com/Haptic-Html/assets/img/sponsor/10.png]
[html.themexriver.com/Haptic-Html/assets/img/sponsor/11.png]
[html.themexriver.com/Haptic-Html/assets/img/sponsor/12.png]
[html.themexriver.com/Haptic-Html/assets/img/bg/blog-bg.png]
[html.themexriver.com/Haptic-Html/assets/img/icon/is14.png]
[html.themexriver.com/Haptic-Html/assets/img/icon/is15.png]
[html.themexriver.com/Haptic-Html/assets/img/blog/blg3_1.jpg]
[html.themexriver.com/Haptic-Html/assets/img/blog/ba1.jpg]
[html.themexriver.com/Haptic-Html/assets/img/blog/blg3_2.jpg]
[html.themexriver.com/Haptic-Html/assets/img/blog/ba2.jpg]
[html.themexriver.com/Haptic-Html/assets/img/blog/blg3_3.jpg]
[html.themexriver.com/Haptic-Html/assets/img/blog/ba3.jpg]
[html.themexriver.com/Haptic-Html/assets/img/bg/footer-bg.png]
[html.themexriver.com/Haptic-Html/assets/img/bg/cta-bg.png]
[html.themexriver.com/Haptic-Html/index-3.html]
[html.themexriver.com/Haptic-Html/index-3.1.html]
[html.themexriver.com/Haptic-Html/index-2.1.html.html]
[html.themexriver.com/Haptic-Html/index-3.1.html.html]
[html.themexriver.com/Haptic-Html/index-4.1.html.html]
[html.themexriver.com/Haptic-Html/index-6.1.html.html]
[html.themexriver.com/Haptic-Html/index-7.1.html.html]
[html.themexriver.com/Haptic-Html/assets/img/slider/s-circle.png]
[html.themexriver.com/Haptic-Html/assets/img/slider/s-men2.png]
[html.themexriver.com/Haptic-Html/assets/img/slider/s-men.png]
[html.themexriver.com/Haptic-Html/assets/img/slider/arrow-bg1.png]
[html.themexriver.com/Haptic-Html/assets/img/slider/arrow-bg2.png]
[html.themexriver.com/Haptic-Html/assets/img/about/circle1.png]
[html.themexriver.com/Haptic-Html/assets/img/about/ab1.png]
[html.themexriver.com/Haptic-Html/assets/img/about/ab2.png]
[html.themexriver.com/Haptic-Html/assets/img/service/ser1.png]
[html.themexriver.com/Haptic-Html/assets/img/service/ser2.png]
[html.themexriver.com/Haptic-Html/assets/img/service/ser3.png]
[html.themexriver.com/Haptic-Html/assets/img/logo/smile.png]
[html.themexriver.com/Haptic-Html/assets/img/about/whc1.png]
[html.themexriver.com/Haptic-Html/assets/img/about/whc1.2.png]
[html.themexriver.com/Haptic-Html/assets/img/about/wh1.5.png]
[html.themexriver.com/Haptic-Html/assets/img/about/wh1.3.png]
[html.themexriver.com/Haptic-Html/assets/img/about/wh1.4.png]
[html.themexriver.com/Haptic-Html/assets/img/about/wh2.1.png]
[html.themexriver.com/Haptic-Html/assets/img/about/wh2.2.png]
[html.themexriver.com/Haptic-Html/assets/img/about/wh2.3.png]
[html.themexriver.com/Haptic-Html/assets/img/about/wh2.4.png]
[html.themexriver.com/Haptic-Html/assets/img/about/wh3.png]
[html.themexriver.com/Haptic-Html/assets/img/about/wh3.1.png]
[html.themexriver.com/Haptic-Html/assets/img/about/wh3.2.png]
[html.themexriver.com/Haptic-Html/assets/img/about/wh3.3.png]
[html.themexriver.com/Haptic-Html/assets/img/about/wh3.4.png]
[html.themexriver.com/Haptic-Html/assets/img/about/wh3.5.png]
[html.themexriver.com/Haptic-Html/assets/img/icon/tx1.png]
[html.themexriver.com/Haptic-Html/assets/img/icon/tx2.png]
[html.themexriver.com/Haptic-Html/assets/img/icon/tx3.png]
[html.themexriver.com/Haptic-Html/assets/img/team/tm1.png]
[html.themexriver.com/Haptic-Html/assets/img/team/tm2.png]
[html.themexriver.com/Haptic-Html/assets/img/project/pro1.png]
[html.themexriver.com/Haptic-Html/assets/img/project/pro2.png]
[html.themexriver.com/Haptic-Html/assets/img/project/pro3.png]
[html.themexriver.com/Haptic-Html/assets/img/project/pro4.png]
[html.themexriver.com/Haptic-Html/assets/img/project/pro5.png]
[html.themexriver.com/Haptic-Html/assets/img/project/pro6.png]
[html.themexriver.com/Haptic-Html/assets/img/project/pro7.png]
[html.themexriver.com/Haptic-Html/assets/img/project/pro8.png]
[html.themexriver.com/Haptic-Html/print.min.js]
[html.themexriver.com/Haptic-Html/price.html]
[html.themexriver.com/Haptic-Html/assets/img/bg/counter-bg.png]
[html.themexriver.com/Haptic-Html/assets/img/about/cn-1.png]
[html.themexriver.com/Haptic-Html/assets/img/about/cn-3.png]
[html.themexriver.com/Haptic-Html/assets/img/about/cn-2.png]
[html.themexriver.com/Haptic-Html/assets/img/testimonial/test1.png]
[html.themexriver.com/Haptic-Html/assets/img/testimonial/test2.png]
[html.themexriver.com/Haptic-Html/assets/img/testimonial/test3.png]
[html.themexriver.com/Haptic-Html/assets/img/testimonial/test4.png]
[html.themexriver.com/Haptic-Html/assets/img/testimonial/test5.png]
[html.themexriver.com/Haptic-Html/assets/img/about/scroll-img.png]
[html.themexriver.com/Haptic-Html/assets/img/blog/blg1.png]
[html.themexriver.com/Haptic-Html/assets/img/blog/test-1.jpg]
[html.themexriver.com/Haptic-Html/assets/img/blog/blg2.png]
[html.themexriver.com/Haptic-Html/assets/img/blog/blg3.png]
[html.themexriver.com/Haptic-Html/assets/img/bg/footer-bg-cta.png]
[html.themexriver.com/Haptic-Html/index-4.html]
[html.themexriver.com/Haptic-Html/index-4.1.html]
[html.themexriver.com/Haptic-Html/assets/css/meanmenu.css]
[html.themexriver.com/Haptic-Html/assets/img/new_home/logo/logo-icon.png]
[html.themexriver.com/Haptic-Html/index.html]
[html.themexriver.com/Haptic-Html/assets/img/new_home/logo/Logo-white.png]
[html.themexriver.com/Haptic-Html/assets/img/new_home/hero/hero-1-bg-img.png]
[html.themexriver.com/Haptic-Html/assets/img/new_home/bg-shape/hero-1-bg-shape-1.png]
[html.themexriver.com/Haptic-Html/assets/img/new_home/bg-shape/hero-1-bg-shape-2.png]
[html.themexriver.com/Haptic-Html/assets/img/new_home/company-logo/client-logo-1.png]
[html.themexriver.com/Haptic-Html/assets/img/new_home/company-logo/client-logo-2.png]
[html.themexriver.com/Haptic-Html/assets/img/new_home/company-logo/client-logo-3.png]
[html.themexriver.com/Haptic-Html/assets/img/new_home/company-logo/client-logo-4.png]
[html.themexriver.com/Haptic-Html/assets/img/new_home/company-logo/client-logo-5.png]
[html.themexriver.com/Haptic-Html/assets/img/new_home/company-logo/client-logo-6.png]
[html.themexriver.com/Haptic-Html/assets/img/new_home/offer/offer-icon-1.png]
[html.themexriver.com/Haptic-Html/assets/img/new_home/offer/offer-shape-1.png]
[html.themexriver.com/Haptic-Html/assets/img/new_home/offer/offer-img-1.png]
[html.themexriver.com/Haptic-Html/assets/img/new_home/offer/offer-color-icon-1.png]
[html.themexriver.com/Haptic-Html/assets/img/new_home/offer/offer-shape-2.png]
[html.themexriver.com/Haptic-Html/assets/img/new_home/icon/check-style.png]
[html.themexriver.com/Haptic-Html/assets/img/new_home/offer/offer-icon-2.png]
[html.themexriver.com/Haptic-Html/assets/img/new_home/offer/offer-color-icon-2.png]
[html.themexriver.com/Haptic-Html/assets/img/new_home/offer/offer-icon-3.png]
[html.themexriver.com/Haptic-Html/assets/img/new_home/offer/offer-color-icon-3.png]
[html.themexriver.com/Haptic-Html/assets/img/new_home/offer/offer-icon-4.png]
[html.themexriver.com/Haptic-Html/assets/img/new_home/offer/offer-color-icon-4.png]
[html.themexriver.com/Haptic-Html/assets/img/new_home/offer/offer-icon-5.png]
[html.themexriver.com/Haptic-Html/assets/img/new_home/offer/offer-color-icon-5.png]
[html.themexriver.com/Haptic-Html/assets/img/new_home/bg-shape/about-1-img-1.png]
[html.themexriver.com/Haptic-Html/assets/img/new_home/bg-shape/about-1-bg-shape-2.png]
[html.themexriver.com/Haptic-Html/assets/img/new_home/about/about-1-img-1.png]
[html.themexriver.com/Haptic-Html/assets/img/new_home/about/about-1-img-2.png]
[html.themexriver.com/Haptic-Html/assets/img/new_home/about/about-1-icon-1.png]
[html.themexriver.com/Haptic-Html/assets/img/new_home/about/about-1-icon-2.png]
[html.themexriver.com/Haptic-Html/assets/img/new_home/about/about-1-icon-3.png]
[html.themexriver.com/Haptic-Html/assets/img/new_home/about/about-1-icon-4.png]
[html.themexriver.com/Haptic-Html/assets/img/new_home/icon/phone-call.png]
[html.themexriver.com/Haptic-Html/assets/img/new_home/bg-shape/project-1-bg-shape-1.png]
[html.themexriver.com/Haptic-Html/assets/img/new_home/project/project-img-1.png]
[html.themexriver.com/Haptic-Html/assets/img/new_home/project/project-img-2.png]
[html.themexriver.com/Haptic-Html/assets/img/new_home/project/project-img-3.png]
[html.themexriver.com/Haptic-Html/assets/img/new_home/project/project-img-4.png]
[html.themexriver.com/Haptic-Html/assets/img/new_home/project/project-img-5.png]
[html.themexriver.com/Haptic-Html/assets/img/new_home/project/project-img-6.png]
[html.themexriver.com/Haptic-Html/assets/img/new_home/video/video-1-main-img-1.png]
[html.themexriver.com/Haptic-Html/assets/img/new_home/video/video-1-img-1.jpg]
[html.themexriver.com/Haptic-Html/assets/img/new_home/video/video-1-img-2.jpg]
[html.themexriver.com/Haptic-Html/assets/img/new_home/video/video-1-img-3.jpg]
[html.themexriver.com/Haptic-Html/assets/img/new_home/testimonial/testimonial-1-author-img-1.png]
[html.themexriver.com/Haptic-Html/assets/img/new_home/testimonial/testimonial-1-img-1.png]
[html.themexriver.com/Haptic-Html/assets/img/new_home/testimonial/testimonial-1-author-img-2.png]
[html.themexriver.com/Haptic-Html/assets/img/new_home/testimonial/testimonial-1-img-2.png]
[html.themexriver.com/Haptic-Html/assets/img/new_home/testimonial/testimonial-1-author-img-3.png]
[html.themexriver.com/Haptic-Html/assets/img/new_home/testimonial/testimonial-1-img-3.png]
[html.themexriver.com/Haptic-Html/assets/img/new_home/testimonial/testimonial-1-author-img-4.png]
[html.themexriver.com/Haptic-Html/assets/img/new_home/testimonial/testimonial-1-img-4.png]
[html.themexriver.com/Haptic-Html/assets/img/new_home/bg-shape/faq-bg-shape-1.png]
[html.themexriver.com/Haptic-Html/assets/img/new_home/faq/faq-1-img-1.png]
[html.themexriver.com/Haptic-Html/assets/img/new_home/blog/blog-1-img-1.png]
[html.themexriver.com/Haptic-Html/assets/img/new_home/blog/blog-1-img-2.png]
[html.themexriver.com/Haptic-Html/assets/img/new_home/blog/blog-1-img-3.png]
[html.themexriver.com/Haptic-Html/assets/img/new_home/blog/blog-1-img-4.png]
[html.themexriver.com/Haptic-Html/assets/img/new_home/bg-shape/contact-1-bd-shape-1.png]
[html.themexriver.com/Haptic-Html/assets/img/new_home/cta/contact-1-img-1.png]
[html.themexriver.com/Haptic-Html/assets/img/new_home/cta/contact-1-shape-1.png]
[html.themexriver.com/Haptic-Html/assets/img/new_home/cta/contact-1-shape-2.png]
[html.themexriver.com/Haptic-Html/assets/img/new_home/icon/user-profile.svg]
[html.themexriver.com/Haptic-Html/assets/img/new_home/icon/phone-call.svg]
[html.themexriver.com/Haptic-Html/assets/img/new_home/icon/mail.svg]
[html.themexriver.com/Haptic-Html/assets/img/new_home/icon/message-text.svg]
[html.themexriver.com/Haptic-Html/assets/img/new_home/bg-shape/footer-1-bg-1.png]
[html.themexriver.com/Haptic-Html/assets/img/new_home/logo/Logo-color.png]
[html.themexriver.com/Haptic-Html/assets/img/new_home/product-img/s_img1.jpg]
[html.themexriver.com/Haptic-Html/assets/img/new_home/product-img/s_img2.jpg]
[html.themexriver.com/Haptic-Html/assets/img/new_home/product-img/s_img3.jpg]
[html.themexriver.com/Haptic-Html/assets/img/new_home/product-img/s_img4.jpg]
[html.themexriver.com/Haptic-Html/index-6.html]
[html.themexriver.com/Haptic-Html/assets/js/home-6.js]
[html.themexriver.com/Haptic-Html/index-6.1.html]
[html.themexriver.com/Haptic-Html/home-2.html]
[html.themexriver.com/Haptic-Html/assets/img/new_home/logo/Logo-color-2.png]
[html.themexriver.com/Haptic-Html/assets/img/new_home/icon/cart-icon-2.png]
[html.themexriver.com/Haptic-Html/assets/img/new_home/bg-shape/hero-2-bg-img-1.png]
[html.themexriver.com/Haptic-Html/assets/img/new_home/icon/subtitle-2-icon-1.png]
[html.themexriver.com/Haptic-Html/assets/img/new_home/icon/subtitle-2-icon-2.png]
[html.themexriver.com/Haptic-Html/assets/img/new_home/hero/hero-2-img-1.png]
[html.themexriver.com/Haptic-Html/assets/img/new_home/bg-shape/hero-2-curcle-1.png]
[html.themexriver.com/Haptic-Html/assets/img/new_home/hero/hero-2-img-2.png]
[html.themexriver.com/Haptic-Html/assets/img/new_home/hero/hero-2-img-3.png]
[html.themexriver.com/Haptic-Html/assets/img/new_home/icon/back-to-top-icon.png]
[html.themexriver.com/Haptic-Html/assets/img/new_home/about/about-2-img-2.png]
[html.themexriver.com/Haptic-Html/assets/img/new_home/bg-shape/about-2-bg-shape-1.png]
[html.themexriver.com/Haptic-Html/assets/img/new_home/about/about-2-img-1.png]
[html.themexriver.com/Haptic-Html/assets/img/new_home/about/about-2-icon-3.png]
[html.themexriver.com/Haptic-Html/assets/img/new_home/about/about-2-icon-1.png]
[html.themexriver.com/Haptic-Html/assets/img/new_home/about/about-2-icon-4.png]
[html.themexriver.com/Haptic-Html/assets/img/new_home/about/about-2-icon-2.png]
[html.themexriver.com/Haptic-Html/assets/img/new_home/project/project-2-bg-img-1.png]
[html.themexriver.com/Haptic-Html/assets/img/new_home/project/project-2-img-1.png]
[html.themexriver.com/Haptic-Html/assets/img/new_home/project/project-2-img-2.png]
[html.themexriver.com/Haptic-Html/assets/img/new_home/project/project-2-img-3.png]
[html.themexriver.com/Haptic-Html/assets/img/new_home/project/project-2-img-4.png]
[html.themexriver.com/Haptic-Html/assets/img/new_home/project/project-2-img-5.png]
[html.themexriver.com/Haptic-Html/assets/img/new_home/bg-shape/blog-2-shape-1.png]
[html.themexriver.com/Haptic-Html/assets/img/new_home/bg-shape/service-2-bg-shape-1.png]
[html.themexriver.com/Haptic-Html/assets/img/new_home/icon/style-arrow-right.png]
[html.themexriver.com/Haptic-Html/assets/img/new_home/service/service-2-img-1.png]
[html.themexriver.com/Haptic-Html/assets/img/new_home/service/service-2-img-2.png]
[html.themexriver.com/Haptic-Html/assets/img/new_home/service/service-2-img-3.png]
[html.themexriver.com/Haptic-Html/assets/img/new_home/service/service-2-img-4.png]
[html.themexriver.com/Haptic-Html/assets/img/new_home/service/service-2-icon-1.png]
[html.themexriver.com/Haptic-Html/assets/img/new_home/service/check-icon.png]
[html.themexriver.com/Haptic-Html/assets/img/new_home/icon/marquee-1-icon-1.png]
[html.themexriver.com/Haptic-Html/assets/img/new_home/choose/choose-2-img-1.png]
[html.themexriver.com/Haptic-Html/assets/img/new_home/choose/choose-2-shape-1.png]
[html.themexriver.com/Haptic-Html/assets/img/new_home/choose/choose-2-icon-1.png]
[html.themexriver.com/Haptic-Html/assets/img/new_home/choose/choose-2-icon-2.png]
[html.themexriver.com/Haptic-Html/assets/img/new_home/testimonial/testimonial-2-bg-img.png]
[html.themexriver.com/Haptic-Html/assets/img/new_home/testimonial/testimonial-2-img-1.jpg]
[html.themexriver.com/Haptic-Html/assets/img/new_home/testimonial/testimonial-2-img-2.jpg]
[html.themexriver.com/Haptic-Html/assets/img/new_home/testimonial/testimonial-2-img-3.jpg]
[html.themexriver.com/Haptic-Html/assets/img/new_home/testimonial/testimonial-2-img-4.jpg]
[html.themexriver.com/Haptic-Html/assets/img/new_home/testimonial/testimonial-2-img-5.jpg]
[html.themexriver.com/Haptic-Html/assets/img/new_home/testimonial/testimonial-2-img-6.jpg]
[html.themexriver.com/Haptic-Html/assets/img/new_home/icon/t-quote-icon-left.png]
[html.themexriver.com/Haptic-Html/assets/img/new_home/icon/t-quote-icon-right.png]
[html.themexriver.com/Haptic-Html/assets/img/new_home/faq/faq-2-img-2.png]
[html.themexriver.com/Haptic-Html/assets/img/new_home/faq/faq-2-bg-shape-1.png]
[html.themexriver.com/Haptic-Html/assets/img/new_home/cta/cta-2-img.png]
[html.themexriver.com/Haptic-Html/assets/img/new_home/cta/cta-2-shape-1.png]
[html.themexriver.com/Haptic-Html/assets/img/new_home/cta/cta-2-img-1.png]
[html.themexriver.com/Haptic-Html/assets/img/new_home/icon/phone-icon-2.svg]
[html.themexriver.com/Haptic-Html/assets/img/new_home/blog/blog-2-img-1.png]
[html.themexriver.com/Haptic-Html/assets/img/new_home/blog/blog-2-author-img-1.png]
[html.themexriver.com/Haptic-Html/assets/img/new_home/blog/blog-2-img-2.png]
[html.themexriver.com/Haptic-Html/assets/img/new_home/blog/blog-2-author-img-2.png]
[html.themexriver.com/Haptic-Html/assets/img/new_home/blog/blog-2-img-3.png]
[html.themexriver.com/Haptic-Html/assets/img/new_home/blog/blog-2-author-img-3.png]
[html.themexriver.com/Haptic-Html/assets/img/new_home/cta/cta-3-bg-img-1.png]
[html.themexriver.com/Haptic-Html/index-7.html]
[html.themexriver.com/Haptic-Html/index-7.1.html]
[html.themexriver.com/Haptic-Html/assets/img/blog/blg2.jpg]
[html.themexriver.com/Haptic-Html/assets/img/blog/blg3.jpg]
[html.themexriver.com/Haptic-Html/assets/img/blog/blg4.jpg]
[html.themexriver.com/Haptic-Html/assets/img/blog/blg5.jpg]
[html.themexriver.com/Haptic-Html/assets/img/blog/blg6.jpg]
[html.themexriver.com/Haptic-Html/blog-1.html]
[html.themexriver.com/Haptic-Html/assets/img/blog/bfd1.png]
[html.themexriver.com/Haptic-Html/assets/img/blog/bfd2.png]
[html.themexriver.com/Haptic-Html/assets/img/blog/bfd3.png]
[html.themexriver.com/Haptic-Html/assets/img/blog/bfd4.png]
[html.themexriver.com/Haptic-Html/assets/img/blog/bfd5.png]
[html.themexriver.com/Haptic-Html/assets/img/blog/bfd6.png]
[html.themexriver.com/Haptic-Html/assets/img/blog/bfd7.png]
[html.themexriver.com/Haptic-Html/assets/img/blog/bfd8.png]
[html.themexriver.com/Haptic-Html/assets/img/blog/bfd9.png]
[html.themexriver.com/Haptic-Html/blog-2.html]
[html.themexriver.com/Haptic-Html/assets/img/blog/bfd11.png]
[html.themexriver.com/Haptic-Html/assets/img/blog/bfd12.png]
[html.themexriver.com/Haptic-Html/assets/img/blog/bfd13.png]
[html.themexriver.com/Haptic-Html/blog-3.html]
[html.themexriver.com/Haptic-Html/assets/img/service/serd1.jpg]
[html.themexriver.com/Haptic-Html/assets/img/icon/star3.png]
[html.themexriver.com/Haptic-Html/service-single.html]
[html.themexriver.com/Haptic-Html/pricing.html]
[html.themexriver.com/Haptic-Html/assets/img/bg/car-bg.png]
[html.themexriver.com/Haptic-Html/assets/img/icon/ca1.png]
[html.themexriver.com/Haptic-Html/assets/img/icon/ca2.png]
[html.themexriver.com/Haptic-Html/assets/img/icon/ca3.png]
[html.themexriver.com/Haptic-Html/assets/img/about/cf1.png]
[html.themexriver.com/Haptic-Html/assets/img/about/cf2.png]
[html.themexriver.com/Haptic-Html/assets/img/about/cf3.png]
[html.themexriver.com/Haptic-Html/assets/img/about/cf4.png]
[html.themexriver.com/Haptic-Html/assets/img/about/cf5.png]
[html.themexriver.com/Haptic-Html/career.html]
[html.themexriver.com/Haptic-Html/career-single.html]
[html.themexriver.com/Haptic-Html/job-apply.html]
[html.themexriver.com/Haptic-Html/testimonial.html]
[html.themexriver.com/Haptic-Html/assets/img/about/ff.png]
[html.themexriver.com/Haptic-Html/faq.html]
[html.themexriver.com/Haptic-Html/terms-condition.html]
[html.themexriver.com/Haptic-Html/privacy-policy.html]
[html.themexriver.com/Haptic-Html/assets/img/bg/coming-bg.png]
[html.themexriver.com/Haptic-Html/assets/img/about/coming.png]
[html.themexriver.com/Haptic-Html/coming-soon.html]
[html.themexriver.com/Haptic-Html/assets/img/bg/404-bg.png]
[html.themexriver.com/Haptic-Html/assets/img/about/404.png]
[html.themexriver.com/Haptic-Html/404.html]
[html.themexriver.com/Haptic-Html/assets/js/split-type.min.js]
[html.themexriver.com/Haptic-Html/assets/js/jquery.meanmenu.min.js]
[html.themexriver.com/Haptic-Html/assets/img/bg/tmd-bg.html]
[html.themexriver.com/Haptic-Html/e.html]
[html.themexriver.com/Haptic-Html/a.params.html]
[html.themexriver.com/Haptic-Html/portfolio-2.html]
[html.themexriver.com/Haptic-Html/assets/img/icon/arrow.svg]
[html.themexriver.com/Haptic-Html/assets/img/bg/price-bg.svg]
[html.themexriver.com/Haptic-Html/index-2.1.html.html]
[html.themexriver.com/Haptic-Html/index-3.1.html.html]
[html.themexriver.com/Haptic-Html/index-4.1.html.html]
[html.themexriver.com/Haptic-Html/index-6.1.html.html]
[html.themexriver.com/Haptic-Html/index-7.1.html.html]
[html.themexriver.com/Haptic-Html/print.min.html]
[html.themexriver.com/Haptic-Html/price.html]
[html.themexriver.com/Haptic-Html/assets/img/icon/close.png]
[html.themexriver.com/Haptic-Html/assets/css/meanmenu.css]
[html.themexriver.com/Haptic-Html/assets/logo/f-icon.png]
[html.themexriver.com/Haptic-Html/assets/img/landing/banner/hero_2.jpg]
[html.themexriver.com/Haptic-Html/assets/img/landing/feature/ht.png]
[html.themexriver.com/Haptic-Html/assets/img/landing/feature/cs.png]
[html.themexriver.com/Haptic-Html/assets/img/landing/feature/fb.png]
[html.themexriver.com/Haptic-Html/assets/img/landing/feature/scs.png]
[html.themexriver.com/Haptic-Html/assets/img/landing/feature/js.png]
[html.themexriver.com/Haptic-Html/assets/img/landing/feature/cc.png]
[html.themexriver.com/Haptic-Html/assets/img/landing/feature/wd.png]
[html.themexriver.com/Haptic-Html/assets/img/landing/feature/w3.png]
[html.themexriver.com/Haptic-Html/assets/img/landing/feature/ip.png]
[html.themexriver.com/Haptic-Html/assets/img/landing/feature/rsp.png]
[html.themexriver.com/Haptic-Html/assets/img/landing/feature/ft16.png]
[html.themexriver.com/Haptic-Html/assets/img/landing/feature/php.png]
[html.themexriver.com/Haptic-Html/assets/img/landing/bg/demo-bg.jpg]
[html.themexriver.com/Haptic-Html/assets/img/landing/feature/html.png]
[html.themexriver.com/Haptic-Html/assets/img/landing/feature/scss.png]
[html.themexriver.com/Haptic-Html/assets/img/landing/feature/css.png]
[html.themexriver.com/Haptic-Html/assets/img/landing/feature/bs.png]
[html.themexriver.com/Haptic-Html/assets/img/pages/cs.jpg]
[html.themexriver.com/Haptic-Html/assets/img/landing/bg/testi-bg.jpg]
[html.themexriver.com/Haptic-Html/assets/img/landing/shape/tst-sh1.png]
[html.themexriver.com/Haptic-Html/assets/img/landing/feature/ft26.png]
[html.themexriver.com/Haptic-Html/assets/img/landing/bg/footer-bg.jpg]
[html.themexriver.com/Haptic-Html/index.html]
[html.themexriver.com/Haptic-Html/assets/img/new_home/icon/user-profile.svg]
[html.themexriver.com/Haptic-Html/assets/img/new_home/icon/phone-call.svg]
[html.themexriver.com/Haptic-Html/assets/img/new_home/icon/mail.svg]
[html.themexriver.com/Haptic-Html/assets/img/new_home/icon/message-text.svg]
[html.themexriver.com/Haptic-Html/assets/js/home-6.js]
[html.themexriver.com/Haptic-Html/home-2.html]
[html.themexriver.com/Haptic-Html/assets/img/new_home/icon/phone-icon-2.svg]
[html.themexriver.com/Haptic-Html/assets/img/icon/close.html]
[html.themexriver.com/Haptic-Html/assets/logo/f-icon.html]
